#c0{background:url(data:,%7B%22hour%22%3A%202%2C%20%22month%22%3A%2012%2C%20%22second%22%3A%2019%2C%20%22year%22%3A%202008%2C%20%22isoformat%22%3A%20%222008-12-23T02%3A02%3A19.788260%22%2C%20%22day%22%3A%2023%2C%20%22minute%22%3A%202%7D%0A);}
