#c0{background:url(data:,%7B%0A%09%09%22title%22%3A%20%22Recent%20Uploads%20tagged%20favorite%22%2C%0A%09%09%22link%22%3A%20%22http%3A//www.flickr.com/photos/tags/favorite/%22%2C%0A%09%09%22description%22%3A%20%22%22%2C%0A%09%09%22modified%22%3A%20%222008-12-23T01%3A39%3A21Z%22%2C%0A%09%09%22generator%22%3A%20%22http%3A//www.flickr.com/%22%2C%0A%09%09%22items%22%3A%20%5B%0A%09%20%20%20%7B%0A%09%09%09%22title%22%3A%20%22nyhavn%22%2C%0A%09%09%09%22link%22%3A%20%22http%3A//www.flickr.com/photos/mcm/3129802228/%22%2C%0A%09%09%09%22media%22%3A%20%7B%22m%22%3A%22http%3A//farm4.static.flickr.com/3130/3129802228_4509c87972_m.jpg%22%7D%2C%0A%09%09%09%22date_taken%22%3A%20%222008-12-05T22%3A13%3A31-08%3A00%22%2C%0A%09%09%09%22description%22%3A%20%22%3Cp%3E%3Ca%20href%3D%5C%22http%3A//www.flickr.com/people/mcm/%5C%22%3EmcmCPH%3C%5C/a%3E%20posted%20a%20photo%3A%3C%5C/p%3E%20%3Cp%3E%3Ca%20href%3D%5C%22http%3A//www.flickr.com/photos/mcm/3129802228/%5C%22%20title%3D%5C%22nyhavn%5C%22%3E%3Cimg%20src%3D%5C%22http%3A//farm4.static.flickr.com/3130/3129802228_4509c87972_m.jpg%5C%22%20width%3D%5C%22240%5C%22%20height%3D%5C%22180%5C%22%20alt%3D%5C%22nyhavn%5C%22%20/%3E%3C%5C/a%3E%3C%5C/p%3E%20%22%2C%0A%09%09%09%22published%22%3A%20%222008-12-23T01%3A39%3A21Z%22%2C%0A%09%09%09%22author%22%3A%20%22nobody%40flickr.com%20%28mcmCPH%29%22%2C%0A%09%09%09%22author_id%22%3A%20%2247341069%40N00%22%2C%0A%09%09%09%22tags%22%3A%20%22favorite%20copenhagen%20denmark%20nyhavn%22%0A%09%20%20%20%7D%2C%0A%09%20%20%20%7B%0A%09%09%09%22title%22%3A%20%22denmark%20-%20me%20and%20malcolm%20ice%20skating%20in%20copenhagen%22%2C%0A%09%09%09%22link%22%3A%20%22http%3A//www.flickr.com/photos/mcm/3129782702/%22%2C%0A%09%09%09%22media%22%3A%20%7B%22m%22%3A%22http%3A//farm4.static.flickr.com/3229/3129782702_4da69b2b74_m.jpg%22%7D%2C%0A%09%09%09%22date_taken%22%3A%20%222008-09-29T11%3A31%3A29-08%3A00%22%2C%0A%09%09%09%22description%22%3A%20%22%3Cp%3E%3Ca%20href%3D%5C%22http%3A//www.flickr.com/people/mcm/%5C%22%3EmcmCPH%3C%5C/a%3E%20posted);}
#c1{background:url(data:,%20a%20photo%3A%3C%5C/p%3E%20%3Cp%3E%3Ca%20href%3D%5C%22http%3A//www.flickr.com/photos/mcm/3129782702/%5C%22%20title%3D%5C%22denmark%20-%20me%20and%20malcolm%20ice%20skating%20in%20copenhagen%5C%22%3E%3Cimg%20src%3D%5C%22http%3A//farm4.static.flickr.com/3229/3129782702_4da69b2b74_m.jpg%5C%22%20width%3D%5C%22181%5C%22%20height%3D%5C%22240%5C%22%20alt%3D%5C%22denmark%20-%20me%20and%20malcolm%20ice%20skating%20in%20copenhagen%5C%22%20/%3E%3C%5C/a%3E%3C%5C/p%3E%20%22%2C%0A%09%09%09%22published%22%3A%20%222008-12-23T01%3A29%3A55Z%22%2C%0A%09%09%09%22author%22%3A%20%22nobody%40flickr.com%20%28mcmCPH%29%22%2C%0A%09%09%09%22author_id%22%3A%20%2247341069%40N00%22%2C%0A%09%09%09%22tags%22%3A%20%22favorite%20copenhagen%20denmark%20michael%20malcolm%20frederiksberg%22%0A%09%20%20%20%7D%2C%0A%09%20%20%20%7B%0A%09%09%09%22title%22%3A%20%22farewells2007%22%2C%0A%09%09%09%22link%22%3A%20%22http%3A//www.flickr.com/photos/mcm/3128878401/%22%2C%0A%09%09%09%22media%22%3A%20%7B%22m%22%3A%22http%3A//farm4.static.flickr.com/3205/3128878401_bcdd01d3c7_m.jpg%22%7D%2C%0A%09%09%09%22date_taken%22%3A%20%222008-12-05T22%3A15%3A17-08%3A00%22%2C%0A%09%09%09%22description%22%3A%20%22%3Cp%3E%3Ca%20href%3D%5C%22http%3A//www.flickr.com/people/mcm/%5C%22%3EmcmCPH%3C%5C/a%3E%20posted%20a%20photo%3A%3C%5C/p%3E%20%3Cp%3E%3Ca%20href%3D%5C%22http%3A//www.flickr.com/photos/mcm/3128878401/%5C%22%20title%3D%5C%22farewells2007%5C%22%3E%3Cimg%20src%3D%5C%22http%3A//farm4.static.flickr.com/3205/3128878401_bcdd01d3c7_m.jpg%5C%22%20width%3D%5C%22180%5C%22%20height%3D%5C%22240%5C%22%20alt%3D%5C%22farewells2007%5C%22%20/%3E%3C%5C/a%3E%3C%5C/p%3E%20%3Cp%3Ea%20collage%20of%20farewells%20from%20when%20we%20left%20DK%2C%20July%202007%3C%5C/p%3E%22%2C%0A%09%09%09%22published%22%3A%20%222008-12-23T00%3A52%3A17Z%22%2C%0A%09%09%09%22author%22%3A%20%22nobody%40flickr.com%20%28mcmCPH%29%22%2C%0A%09%09%09%22author_id%22%3A%20%2247341069%40N00%22%2C%0A%09%09%09%22tags%22%3A%20%22friends%20favorite%20denmark%22%0A%09%20%20);}
#c2{background:url(data:,%20%7D%2C%0A);}
